// Jest Snapshot v1, https://goo.gl/fbAQLP

exports[`<App /> should render and match the snapshot 1`] = `
<BrowserRouter>
  <Helmet
    defaultTitle="Company Analysis"
    defer={true}
    encodeSpecialCharacters={true}
    titleTemplate="%s - Company Analysis"
  >
    <meta
      content="Company Analysis application"
      name="description"
    />
  </Helmet>
  <Switch>
    <Route
      component={[Function]}
      exact={true}
      path="/"
    />
    <Route
      component={[Function]}
    />
  </Switch>
  <UNDEFINED />
</BrowserRouter>
`;
